
.Version 7.10.4 of ABINIT 
.(sequential version, prepared for a x86_64_linux_gnu4.7 computer) 

.Copyright (C) 1998-2014 ABINIT group . 
 ABINIT comes with ABSOLUTELY NO WARRANTY.
 It is free software, and you are welcome to redistribute it
 under certain conditions (GNU General Public License,
 see ~abinit/COPYING or http://www.gnu.org/copyleft/gpl.txt).

 ABINIT is a project of the Universite Catholique de Louvain,
 Corning Inc. and other collaborators, see ~abinit/doc/developers/contributors.txt .
 Please read ~abinit/doc/users/acknowledgments.html for suggested
 acknowledgments of the ABINIT effort.
 For more information, see http://www.abinit.org .

.Starting date : Thu  2 Apr 2015.
- ( at 11h24 )
  
- input  file    -> tgw2_4.in
- output file    -> tgw2_4.out
- root for input  files -> tgw2i
- root for output files -> tgw2o


 Symmetries : space group Fm -3 m (#225); Bravais cF (face-center cubic)
================================================================================
 Values of the parameters that define the memory need of the present run
   intxc =         0  ionmov =         0    iscf =         7 xclevel =         1
  lmnmax =         3   lnmax =         3   mband =        30  mffmem =         1
P  mgfft =        10   mkmem =         8 mpssoang=         3     mpw =        43
  mqgrid =      3001   natom =         1    nfft =      1000    nkpt =         8
  nloalg =         4  nspden =         1 nspinor =         1  nsppol =         1
    nsym =        48  n1xccc =         0  ntypat =         1  occopt =         3
================================================================================
P This job should need less than                       1.732 Mbytes of memory.
  Rough estimation (10% accuracy) of disk space for files :
_ WF disk file :      0.159 Mbytes ; DEN or POT disk file :      0.010 Mbytes.
================================================================================

--------------------------------------------------------------------------------
------------- Echo of variables that govern the present computation ------------
--------------------------------------------------------------------------------
-
- outvars: echo of selected default values                                      
-   accesswff0 =  0 , fftalg0 =112 , wfoptalg0 =  0
-
- outvars: echo of global parameters not present in the input file              
-  max_nthreads =    0
-
 -outvars: echo values of preprocessed input variables --------
            acell      7.6520000000E+00  7.6520000000E+00  7.6520000000E+00 Bohr
              amu      2.69815390E+01
             bdgw           1       4       1       4       1       4       1       4
                            1       4       1       4       1       4       1       4
             ecut      3.70827987E+00 Hartree
         ecutsigx      3.70827987E+00 Hartree
          ecutwfn      3.70827987E+00 Hartree
           enunit           1
-          fftalg         112
        freqspmax      2.00000000E+00 Hartree
        freqspmin     -2.00000000E+00 Hartree
        gwcalctyp           2
         icutcoul           3
           istwfk        1    0    1    0    0    0    1    0
              ixc           7
              kpt      0.00000000E+00  0.00000000E+00  0.00000000E+00
                       2.50000000E-01  0.00000000E+00  0.00000000E+00
                       5.00000000E-01  0.00000000E+00  0.00000000E+00
                       2.50000000E-01  2.50000000E-01  0.00000000E+00
                       5.00000000E-01  2.50000000E-01  0.00000000E+00
                      -2.50000000E-01  2.50000000E-01  0.00000000E+00
                       5.00000000E-01  5.00000000E-01  0.00000000E+00
                      -2.50000000E-01  5.00000000E-01  2.50000000E-01
            kptgw      0.00000000E+00  0.00000000E+00  0.00000000E+00
                       2.50000000E-01  0.00000000E+00  0.00000000E+00
                       5.00000000E-01  0.00000000E+00  0.00000000E+00
                       2.50000000E-01  2.50000000E-01  0.00000000E+00
                       5.00000000E-01  2.50000000E-01  0.00000000E+00
                      -2.50000000E-01  2.50000000E-01  0.00000000E+00
                       5.00000000E-01  5.00000000E-01  0.00000000E+00
                      -2.50000000E-01  5.00000000E-01  2.50000000E-01
         kptrlatt        4    0    0      0    4    0      0    0    4
          kptrlen      2.16431244E+01
P           mkmem           8
            natom           1
            nband          30
          nfreqsp         200
            ngfft          10      10      10
             nkpt           8
           nkptgw           8
          npwsigx          51
           npwwfn          51
          nshsigx           5
             nsym          48
           ntypat           1
              occ      2.000000  1.000000  0.000000  0.000000  0.000000  0.000000
                       0.000000  0.000000  0.000000  0.000000  0.000000  0.000000
                       0.000000  0.000000  0.000000  0.000000  0.000000  0.000000
                       0.000000  0.000000  0.000000  0.000000  0.000000  0.000000
                       0.000000  0.000000  0.000000  0.000000  0.000000  0.000000
                       2.000000  1.000000  0.000000  0.000000  0.000000  0.000000
                       0.000000  0.000000  0.000000  0.000000  0.000000  0.000000
                       0.000000  0.000000  0.000000  0.000000  0.000000  0.000000
                       0.000000  0.000000  0.000000  0.000000  0.000000  0.000000
                       0.000000  0.000000  0.000000  0.000000  0.000000  0.000000
                       2.000000  1.000000  0.000000  0.000000  0.000000  0.000000
                       0.000000  0.000000  0.000000  0.000000  0.000000  0.000000
                       0.000000  0.000000  0.000000  0.000000  0.000000  0.000000
                       0.000000  0.000000  0.000000  0.000000  0.000000  0.000000
                       0.000000  0.000000  0.000000  0.000000  0.000000  0.000000
                       2.000000  1.000000  0.000000  0.000000  0.000000  0.000000
                       0.000000  0.000000  0.000000  0.000000  0.000000  0.000000
                       0.000000  0.000000  0.000000  0.000000  0.000000  0.000000
                       0.000000  0.000000  0.000000  0.000000  0.000000  0.000000
                       0.000000  0.000000  0.000000  0.000000  0.000000  0.000000
                       2.000000  1.000000  0.000000  0.000000  0.000000  0.000000
                       0.000000  0.000000  0.000000  0.000000  0.000000  0.000000
                       0.000000  0.000000  0.000000  0.000000  0.000000  0.000000
                       0.000000  0.000000  0.000000  0.000000  0.000000  0.000000
                       0.000000  0.000000  0.000000  0.000000  0.000000  0.000000
                       2.000000  1.000000  0.000000  0.000000  0.000000  0.000000
                       0.000000  0.000000  0.000000  0.000000  0.000000  0.000000
                       0.000000  0.000000  0.000000  0.000000  0.000000  0.000000
                       0.000000  0.000000  0.000000  0.000000  0.000000  0.000000
                       0.000000  0.000000  0.000000  0.000000  0.000000  0.000000
                       2.000000  1.000000  0.000000  0.000000  0.000000  0.000000
                       0.000000  0.000000  0.000000  0.000000  0.000000  0.000000
                       0.000000  0.000000  0.000000  0.000000  0.000000  0.000000
                       0.000000  0.000000  0.000000  0.000000  0.000000  0.000000
                       0.000000  0.000000  0.000000  0.000000  0.000000  0.000000
                       2.000000  1.000000  0.000000  0.000000  0.000000  0.000000
                       0.000000  0.000000  0.000000  0.000000  0.000000  0.000000
                       0.000000  0.000000  0.000000  0.000000  0.000000  0.000000
                       0.000000  0.000000  0.000000  0.000000  0.000000  0.000000
                       0.000000  0.000000  0.000000  0.000000  0.000000  0.000000
           occopt           3
        optdriver           4
           prtvol           5
            rprim      0.0000000000E+00  5.0000000000E-01  5.0000000000E-01
                       5.0000000000E-01  0.0000000000E+00  5.0000000000E-01
                       5.0000000000E-01  5.0000000000E-01  0.0000000000E+00
          spgroup         225
           symrel      1  0  0   0  1  0   0  0  1      -1  0  0   0 -1  0   0  0 -1
                       0 -1  1   0 -1  0   1 -1  0       0  1 -1   0  1  0  -1  1  0
                      -1  0  0  -1  0  1  -1  1  0       1  0  0   1  0 -1   1 -1  0
                       0  1 -1   1  0 -1   0  0 -1       0 -1  1  -1  0  1   0  0  1
                      -1  0  0  -1  1  0  -1  0  1       1  0  0   1 -1  0   1  0 -1
                       0 -1  1   1 -1  0   0 -1  0       0  1 -1  -1  1  0   0  1  0
                       1  0  0   0  0  1   0  1  0      -1  0  0   0  0 -1   0 -1  0
                       0  1 -1   0  0 -1   1  0 -1       0 -1  1   0  0  1  -1  0  1
                      -1  0  1  -1  1  0  -1  0  0       1  0 -1   1 -1  0   1  0  0
                       0 -1  0   1 -1  0   0 -1  1       0  1  0  -1  1  0   0  1 -1
                       1  0 -1   0  0 -1   0  1 -1      -1  0  1   0  0  1   0 -1  1
                       0  1  0   0  0  1   1  0  0       0 -1  0   0  0 -1  -1  0  0
                       1  0 -1   0  1 -1   0  0 -1      -1  0  1   0 -1  1   0  0  1
                       0 -1  0   0 -1  1   1 -1  0       0  1  0   0  1 -1  -1  1  0
                      -1  0  1  -1  0  0  -1  1  0       1  0 -1   1  0  0   1 -1  0
                       0  1  0   1  0  0   0  0  1       0 -1  0  -1  0  0   0  0 -1
                       0  0 -1   0  1 -1   1  0 -1       0  0  1   0 -1  1  -1  0  1
                       1 -1  0   0 -1  1   0 -1  0      -1  1  0   0  1 -1   0  1  0
                       0  0  1   1  0  0   0  1  0       0  0 -1  -1  0  0   0 -1  0
                      -1  1  0  -1  0  0  -1  0  1       1 -1  0   1  0  0   1  0 -1
                       0  0  1   0  1  0   1  0  0       0  0 -1   0 -1  0  -1  0  0
                       1 -1  0   0 -1  0   0 -1  1      -1  1  0   0  1  0   0  1 -1
                       0  0 -1   1  0 -1   0  1 -1       0  0  1  -1  0  1   0 -1  1
                      -1  1  0  -1  0  1  -1  0  0       1 -1  0   1  0 -1   1  0  0
           tsmear      5.00000000E-02 Hartree
            typat      1
              wtk        0.01563    0.12500    0.06250    0.09375    0.37500    0.18750
                         0.04688    0.09375
            znucl       13.00000

================================================================================

 chkinp: Checking input parameters for consistency.

================================================================================
== DATASET  1 ==================================================================
-   nproc =    1

 Exchange-correlation functional for the present dataset will be:
  LDA: Perdew-Wang 92 LSD fit to Ceperley-Alder data - ixc=7
 Citation for XC functional:
  J.P.Perdew and Y.Wang, PRB 45, 13244 (1992)

 SIGMA: Calculation of the GW corrections 

 Based on a program developped by R.W. Godby, V. Olevano, G. Onida, and L. Reining.
 Incorporated in ABINIT by V. Olevano, G.-M. Rignanese, and M. Torrent.
.Using single precision arithmetic ; gwpc =  4

 Real(R)+Recip(G) space primitive vectors, cartesian coordinates (Bohr,Bohr^-1):
 R(1)=  0.0000000  3.8260000  3.8260000  G(1)= -0.1306848  0.1306848  0.1306848
 R(2)=  3.8260000  0.0000000  3.8260000  G(2)=  0.1306848 -0.1306848  0.1306848
 R(3)=  3.8260000  3.8260000  0.0000000  G(3)=  0.1306848  0.1306848 -0.1306848
 Unit cell volume ucvol=  1.1201209E+02 bohr^3
 Angles (23,13,12)=  6.00000000E+01  6.00000000E+01  6.00000000E+01 degrees

--- Pseudopotential description ------------------------------------------------
- pspini: atom type   1  psp file is ../13al.981214.fhi
- pspatm: opening atomic psp file    ../13al.981214.fhi
- Aluminum, fhi98PP : Hamann-type, LDA CA PerdewWang, l=2 local
- 13.00000   3.00000    981214                znucl, zion, pspdat
    6    7    2    2       493   0.00000      pspcod,pspxc,lmax,lloc,mmax,r2well
  No XC core correction.
  1.024700          amesh (Hamman grid)
 pspatm: epsatm=    1.36305739
         --- l  ekb(1:nproj) -->
             0    1.768744
             1    0.900554
 pspatm: atomic psp has been read  and splines computed

   4.08917216E+00                                ecore*ucvol(ha*bohr**3)
--------------------------------------------------------------------------------

 ==== K-mesh for the wavefunctions ====
 Number of points in the irreducible wedge :     8
 Reduced coordinates and weights : 

     1)     0.00000000E+00  0.00000000E+00  0.00000000E+00       0.01563
     2)     2.50000000E-01  0.00000000E+00  0.00000000E+00       0.12500
     3)     5.00000000E-01  0.00000000E+00  0.00000000E+00       0.06250
     4)     2.50000000E-01  2.50000000E-01  0.00000000E+00       0.09375
     5)     5.00000000E-01  2.50000000E-01  0.00000000E+00       0.37500
     6)    -2.50000000E-01  2.50000000E-01  0.00000000E+00       0.18750
     7)     5.00000000E-01  5.00000000E-01  0.00000000E+00       0.04688
     8)    -2.50000000E-01  5.00000000E-01  2.50000000E-01       0.09375

 Together with 48 symmetry operations and time-reversal symmetry 
 yields    64 points in the full Brillouin Zone.


 ==== Q-mesh for screening function ====
 Number of points in the irreducible wedge :     8
 Reduced coordinates and weights : 

     1)     0.00000000E+00  0.00000000E+00  0.00000000E+00       0.01563
     2)     2.50000000E-01  0.00000000E+00  0.00000000E+00       0.12500
     3)     5.00000000E-01  0.00000000E+00  0.00000000E+00       0.06250
     4)     2.50000000E-01  2.50000000E-01  0.00000000E+00       0.09375
     5)     5.00000000E-01  2.50000000E-01  0.00000000E+00       0.37500
     6)    -2.50000000E-01  2.50000000E-01  0.00000000E+00       0.18750
     7)     5.00000000E-01  5.00000000E-01  0.00000000E+00       0.04688
     8)    -2.50000000E-01  5.00000000E-01  2.50000000E-01       0.09375

 Together with 48 symmetry operations and time-reversal symmetry 
 yields    64 points in the full Brillouin Zone.


 setmesh: FFT mesh size selected  =   9x  9x  9
          total number of points  =      729


 k       eigenvalues [eV]
  1         -3.76  19.92  19.92  19.92  21.00  21.00  21.00  23.88  26.71  26.71
            29.15  31.73  31.73  31.73  38.00  60.59  60.59  60.59  63.51  63.51
            63.77  63.77  63.77  67.11  67.28  67.28  67.28  85.89  85.89  88.52

  2         -2.08  10.72  18.06  18.06  21.49  21.89  21.89  25.91  26.04  26.04
            31.63  37.67  39.40  39.40  44.61  47.79  47.79  51.58  63.24  63.24
            64.85  65.15  67.48  67.48  70.14  70.55  70.55  77.41  79.47  79.47

  3          2.78   2.92  18.41  18.41  18.77  18.77  22.18  22.53  32.20  32.20
            37.69  37.69  38.17  43.26  50.07  51.81  51.81  53.80  54.39  54.39
            58.45  59.03  65.67  65.67  67.47  68.68  71.46  71.46  73.76  73.76

  4         -1.52  14.71  14.71  14.83  15.49  18.03  28.77  28.93  28.93  33.47
            33.82  34.93  34.93  37.89  48.21  48.33  48.33  50.33  53.54  62.09
            63.95  66.65  66.65  68.09  68.17  68.17  69.76  80.67  80.72  80.72

  5          2.30   6.56  10.92  14.24  15.94  23.16  25.83  28.59  31.85  32.72
            38.44  39.65  41.91  44.66  45.38  48.18  50.49  51.18  53.26  55.40
            58.00  58.87  61.97  63.24  65.78  66.38  68.49  69.54  70.87  76.43

  6          0.68   8.56  10.00  16.64  18.62  24.28  24.64  25.80  28.18  32.64
            34.98  37.39  43.03  43.59  48.28  48.73  52.32  52.75  53.42  55.60
            58.41  60.23  61.72  63.08  65.18  69.51  70.14  70.23  77.94  78.27

  7          4.42   5.70  12.62  12.80  12.80  16.13  32.83  34.41  34.41  39.71
            39.79  39.79  40.39  42.30  47.98  47.98  48.33  48.33  48.84  49.36
            49.48  49.78  65.66  69.57  72.12  72.12  73.85  74.87  75.16  75.39

  8          6.49   6.49   7.54   8.26  23.04  23.04  23.32  25.45  34.65  39.48
            41.10  41.10  42.22  42.53  42.53  44.38  52.85  52.85  56.17  57.67
            59.27  59.57  59.83  60.28  60.38  60.38  62.85  62.85  75.52  76.87

 Number of electrons calculated from density =    2.9972; Expected =    3.0000
 average of density, n =  0.026758
 r_s =    2.0740
 omega_plasma =   15.7792 [eV]

 SIGMA fundamental parameters:
 CONTOUR DEFORMATION
 number of plane-waves for SigmaX                   51
 number of plane-waves for SigmaC and W             51
 number of plane-waves for wavefunctions            51
 number of bands                                    30
 number of independent spin polarizations            1
 number of spinorial components                      1
 number of k-points in IBZ                           8
 number of q-points in IBZ                           8
 number of symmetry operations                      48
 number of k-points in BZ                           64
 number of q-points in BZ                           64
 number of frequencies for dSigma/dE                 9
 frequency step for dSigma/dE [eV]                0.25
 number of omega for Sigma on real axis            200
 max omega for Sigma on real axis  [eV]          54.42
 zcut for avoiding poles [eV]                     0.10

 EPSILON^-1 parameters (SCR file):
 dimension of the eps^-1 matrix on file             51
 dimension of the eps^-1 matrix used                51
 number of plane-waves for wavefunctions            51
 number of bands                                    30
 number of q-points in IBZ                           8
 number of frequencies                              14
 number of real frequencies                         10
 number of imag frequencies                          4

 matrix elements of self-energy operator (all in [eV])

 Perturbative Calculation

 k =    0.000   0.000   0.000
 Band     E0 <VxcLDA>   SigX SigC(E0)      Z dSigC/dE  Sig(E)    E-E0       E
    1  -3.762  -9.407 -14.983   5.641   0.778  -0.286  -9.356   0.051  -3.711
    1   0.000   0.000   0.000   1.496   0.000   0.000   1.164   1.164   1.164
    2  19.921  -9.494  -2.691  -6.668   0.828  -0.207  -9.382   0.112  20.033
    2   0.000   0.000   0.000  -0.814   0.000   0.000  -0.674  -0.674  -0.674
    3  19.921  -9.494  -2.685  -6.667   0.828  -0.207  -9.377   0.118  20.039
    3   0.000   0.000   0.000  -0.814   0.000   0.000  -0.674  -0.674  -0.674
    4  19.921  -9.494  -2.685  -6.668   0.828  -0.207  -9.377   0.118  20.039
    4   0.000   0.000   0.000  -0.814   0.000   0.000  -0.674  -0.674  -0.674

 E^0_gap         23.683
 E^GW_gap        23.744
 DeltaE^GW_gap    0.061


 k =    0.250   0.000   0.000
 Band     E0 <VxcLDA>   SigX SigC(E0)      Z dSigC/dE  Sig(E)    E-E0       E
    1  -2.081  -9.430 -14.175   4.851   0.665  -0.503  -9.359   0.071  -2.010
    1   0.000   0.000   0.000   0.721   0.000   0.000   0.480   0.480   0.480
    2  10.716  -9.456  -5.071  -4.275   0.705  -0.418  -9.379   0.077  10.793
    2   0.000   0.000   0.000  -0.062   0.000   0.000  -0.044  -0.044  -0.044
    3  18.064  -9.461  -2.959  -6.527   0.706  -0.416  -9.479  -0.017  18.046
    3   0.000   0.000   0.000  -0.472   0.000   0.000  -0.334  -0.334  -0.334
    4  18.064  -9.461  -2.952  -6.527   0.706  -0.416  -9.474  -0.013  18.051
    4   0.000   0.000   0.000  -0.472   0.000   0.000  -0.333  -0.333  -0.333

 E^0_gap         12.797
 E^GW_gap        12.803
 DeltaE^GW_gap    0.006


 k =    0.500   0.000   0.000
 Band     E0 <VxcLDA>   SigX SigC(E0)      Z dSigC/dE  Sig(E)    E-E0       E
    1   2.778  -9.400 -11.341   2.009   0.707  -0.415  -9.352   0.048   2.826
    1   0.000   0.000   0.000   0.123   0.000   0.000   0.087   0.087   0.087
    2   2.924  -9.480 -11.182   1.849   0.707  -0.415  -9.376   0.104   3.028
    2   0.000   0.000   0.000   0.120   0.000   0.000   0.085   0.085   0.085
    3  18.409  -9.478  -2.904  -6.781   0.719  -0.390  -9.626  -0.148  18.260
    3   0.000   0.000   0.000  -0.617   0.000   0.000  -0.444  -0.444  -0.444
    4  18.409  -9.478  -2.901  -6.779   0.719  -0.390  -9.624  -0.146  18.263
    4   0.000   0.000   0.000  -0.616   0.000   0.000  -0.443  -0.443  -0.443

 E^0_gap         15.485
 E^GW_gap        15.233
 DeltaE^GW_gap   -0.252


 k =    0.250   0.250   0.000
 Band     E0 <VxcLDA>   SigX SigC(E0)      Z dSigC/dE  Sig(E)    E-E0       E
    1  -1.525  -9.433 -13.888   4.487   0.702  -0.425  -9.411   0.023  -1.502
    1   0.000   0.000   0.000   0.641   0.000   0.000   0.449   0.449   0.449
    2  14.709  -9.462  -3.671  -5.714   0.696  -0.436  -9.408   0.054  14.763
    2   0.000   0.000   0.000  -0.275   0.000   0.000  -0.191  -0.191  -0.191
    3  14.709  -9.462  -3.670  -5.713   0.696  -0.436  -9.407   0.056  14.765
    3   0.000   0.000   0.000  -0.275   0.000   0.000  -0.191  -0.191  -0.191
    4  14.832  -9.561  -3.865  -5.406   0.709  -0.410  -9.355   0.206  15.038
    4   0.000   0.000   0.000  -0.335   0.000   0.000  -0.237  -0.237  -0.237

 E^0_gap         16.234
 E^GW_gap        16.265
 DeltaE^GW_gap    0.032


 k =    0.500   0.250   0.000
 Band     E0 <VxcLDA>   SigX SigC(E0)      Z dSigC/dE  Sig(E)    E-E0       E
    1   2.300  -9.432 -11.634   2.316   0.692  -0.446  -9.353   0.079   2.379
    1   0.000   0.000   0.000   0.179   0.000   0.000   0.124   0.124   0.124
    2   6.559  -9.447  -8.339  -1.007   0.706  -0.417  -9.375   0.072   6.631
    2   0.000   0.000   0.000   0.005   0.000   0.000   0.003   0.003   0.003
    3  10.919  -9.409  -4.928  -4.340   0.717  -0.395  -9.308   0.101  11.019
    3   0.000   0.000   0.000  -0.054   0.000   0.000  -0.038  -0.038  -0.038
    4  14.240  -9.462  -3.815  -5.631   0.693  -0.443  -9.451   0.011  14.251
    4   0.000   0.000   0.000  -0.263   0.000   0.000  -0.182  -0.182  -0.182

 E^0_gap          4.360
 E^GW_gap         4.389
 DeltaE^GW_gap    0.029


 k =   -0.250   0.250   0.000
 Band     E0 <VxcLDA>   SigX SigC(E0)      Z dSigC/dE  Sig(E)    E-E0       E
    1   0.678  -9.431 -12.632   3.343   0.677  -0.476  -9.335   0.097   0.774
    1   0.000   0.000   0.000   0.361   0.000   0.000   0.244   0.244   0.244
    2   8.557  -9.505  -6.604  -2.801   0.711  -0.406  -9.434   0.071   8.628
    2   0.000   0.000   0.000  -0.014   0.000   0.000  -0.010  -0.010  -0.010
    3   9.995  -9.357  -5.283  -3.945   0.716  -0.397  -9.265   0.092  10.087
    3   0.000   0.000   0.000  -0.038   0.000   0.000  -0.027  -0.027  -0.027
    4  16.641  -9.459  -3.214  -6.169   0.665  -0.504  -9.409   0.050  16.691
    4   0.000   0.000   0.000  -0.423   0.000   0.000  -0.281  -0.281  -0.281

 E^0_gap          7.879
 E^GW_gap         7.854
 DeltaE^GW_gap   -0.025


 k =    0.500   0.500   0.000
 Band     E0 <VxcLDA>   SigX SigC(E0)      Z dSigC/dE  Sig(E)    E-E0       E
    1   4.420  -9.506 -10.469   0.971   0.711  -0.406  -9.500   0.006   4.426
    1   0.000   0.000   0.000   0.028   0.000   0.000   0.020   0.020   0.020
    2   5.700  -9.342  -8.736  -0.448   0.714  -0.400  -9.229   0.113   5.813
    2   0.000   0.000   0.000   0.016   0.000   0.000   0.012   0.012   0.012
    3  12.621  -9.561  -4.559  -4.776   0.708  -0.413  -9.401   0.160  12.781
    3   0.000   0.000   0.000  -0.153   0.000   0.000  -0.108  -0.108  -0.108
    4  12.803  -9.462  -4.295  -5.146   0.694  -0.440  -9.448   0.014  12.818
    4   0.000   0.000   0.000  -0.131   0.000   0.000  -0.091  -0.091  -0.091

 E^0_gap          6.920
 E^GW_gap         6.967
 DeltaE^GW_gap    0.047


 k =   -0.250   0.500   0.250
 Band     E0 <VxcLDA>   SigX SigC(E0)      Z dSigC/dE  Sig(E)    E-E0       E
    1   6.487  -9.503  -8.611  -0.830   0.703  -0.423  -9.459   0.044   6.531
    1   0.000   0.000   0.000   0.009   0.000   0.000   0.007   0.007   0.007
    2   6.487  -9.503  -8.611  -0.830   0.703  -0.423  -9.459   0.044   6.531
    2   0.000   0.000   0.000   0.009   0.000   0.000   0.007   0.007   0.007
    3   7.537  -9.282  -7.086  -2.034   0.710  -0.408  -9.167   0.115   7.652
    3   0.000   0.000   0.000   0.000   0.000   0.000   0.000   0.000   0.000
    4   8.261  -9.376  -6.475  -2.797   0.707  -0.414  -9.302   0.074   8.335
    4   0.000   0.000   0.000  -0.009   0.000   0.000  -0.007  -0.007  -0.007

 E^0_gap          1.050
 E^GW_gap         1.121
 DeltaE^GW_gap    0.071


 New Fermi energy :        2.654071E-01 Ha ,    7.222095E+00 eV
 New Exchange energy :    -5.863457E-01 Ha ,   -1.595528E+01 eV

== END DATASET(S) ==============================================================
================================================================================
  
 -outvars: echo values of variables after computation  --------
            acell      7.6520000000E+00  7.6520000000E+00  7.6520000000E+00 Bohr
              amu      2.69815390E+01
             bdgw           1       4       1       4       1       4       1       4
                            1       4       1       4       1       4       1       4
             ecut      3.70827987E+00 Hartree
         ecutsigx      3.70827987E+00 Hartree
          ecutwfn      3.70827987E+00 Hartree
           enunit           1
           etotal      0.0000000000E+00
            fcart      0.0000000000E+00  0.0000000000E+00  0.0000000000E+00
-          fftalg         112
        freqspmax      2.00000000E+00 Hartree
        freqspmin     -2.00000000E+00 Hartree
        gwcalctyp           2
         icutcoul           3
           istwfk        1    0    1    0    0    0    1    0
              ixc           7
              kpt      0.00000000E+00  0.00000000E+00  0.00000000E+00
                       2.50000000E-01  0.00000000E+00  0.00000000E+00
                       5.00000000E-01  0.00000000E+00  0.00000000E+00
                       2.50000000E-01  2.50000000E-01  0.00000000E+00
                       5.00000000E-01  2.50000000E-01  0.00000000E+00
                      -2.50000000E-01  2.50000000E-01  0.00000000E+00
                       5.00000000E-01  5.00000000E-01  0.00000000E+00
                      -2.50000000E-01  5.00000000E-01  2.50000000E-01
            kptgw      0.00000000E+00  0.00000000E+00  0.00000000E+00
                       2.50000000E-01  0.00000000E+00  0.00000000E+00
                       5.00000000E-01  0.00000000E+00  0.00000000E+00
                       2.50000000E-01  2.50000000E-01  0.00000000E+00
                       5.00000000E-01  2.50000000E-01  0.00000000E+00
                      -2.50000000E-01  2.50000000E-01  0.00000000E+00
                       5.00000000E-01  5.00000000E-01  0.00000000E+00
                      -2.50000000E-01  5.00000000E-01  2.50000000E-01
         kptrlatt        4    0    0      0    4    0      0    0    4
          kptrlen      2.16431244E+01
P           mkmem           8
            natom           1
            nband          30
          nfreqsp         200
            ngfft          10      10      10
             nkpt           8
           nkptgw           8
          npwsigx          51
           npwwfn          51
          nshsigx           5
             nsym          48
           ntypat           1
              occ      2.000000  1.000000  0.000000  0.000000  0.000000  0.000000
                       0.000000  0.000000  0.000000  0.000000  0.000000  0.000000
                       0.000000  0.000000  0.000000  0.000000  0.000000  0.000000
                       0.000000  0.000000  0.000000  0.000000  0.000000  0.000000
                       0.000000  0.000000  0.000000  0.000000  0.000000  0.000000
                       2.000000  1.000000  0.000000  0.000000  0.000000  0.000000
                       0.000000  0.000000  0.000000  0.000000  0.000000  0.000000
                       0.000000  0.000000  0.000000  0.000000  0.000000  0.000000
                       0.000000  0.000000  0.000000  0.000000  0.000000  0.000000
                       0.000000  0.000000  0.000000  0.000000  0.000000  0.000000
                       2.000000  1.000000  0.000000  0.000000  0.000000  0.000000
                       0.000000  0.000000  0.000000  0.000000  0.000000  0.000000
                       0.000000  0.000000  0.000000  0.000000  0.000000  0.000000
                       0.000000  0.000000  0.000000  0.000000  0.000000  0.000000
                       0.000000  0.000000  0.000000  0.000000  0.000000  0.000000
                       2.000000  1.000000  0.000000  0.000000  0.000000  0.000000
                       0.000000  0.000000  0.000000  0.000000  0.000000  0.000000
                       0.000000  0.000000  0.000000  0.000000  0.000000  0.000000
                       0.000000  0.000000  0.000000  0.000000  0.000000  0.000000
                       0.000000  0.000000  0.000000  0.000000  0.000000  0.000000
                       2.000000  1.000000  0.000000  0.000000  0.000000  0.000000
                       0.000000  0.000000  0.000000  0.000000  0.000000  0.000000
                       0.000000  0.000000  0.000000  0.000000  0.000000  0.000000
                       0.000000  0.000000  0.000000  0.000000  0.000000  0.000000
                       0.000000  0.000000  0.000000  0.000000  0.000000  0.000000
                       2.000000  1.000000  0.000000  0.000000  0.000000  0.000000
                       0.000000  0.000000  0.000000  0.000000  0.000000  0.000000
                       0.000000  0.000000  0.000000  0.000000  0.000000  0.000000
                       0.000000  0.000000  0.000000  0.000000  0.000000  0.000000
                       0.000000  0.000000  0.000000  0.000000  0.000000  0.000000
                       2.000000  1.000000  0.000000  0.000000  0.000000  0.000000
                       0.000000  0.000000  0.000000  0.000000  0.000000  0.000000
                       0.000000  0.000000  0.000000  0.000000  0.000000  0.000000
                       0.000000  0.000000  0.000000  0.000000  0.000000  0.000000
                       0.000000  0.000000  0.000000  0.000000  0.000000  0.000000
                       2.000000  1.000000  0.000000  0.000000  0.000000  0.000000
                       0.000000  0.000000  0.000000  0.000000  0.000000  0.000000
                       0.000000  0.000000  0.000000  0.000000  0.000000  0.000000
                       0.000000  0.000000  0.000000  0.000000  0.000000  0.000000
                       0.000000  0.000000  0.000000  0.000000  0.000000  0.000000
           occopt           3
        optdriver           4
           prtvol           5
            rprim      0.0000000000E+00  5.0000000000E-01  5.0000000000E-01
                       5.0000000000E-01  0.0000000000E+00  5.0000000000E-01
                       5.0000000000E-01  5.0000000000E-01  0.0000000000E+00
          spgroup         225
           strten      0.0000000000E+00  0.0000000000E+00  0.0000000000E+00
                       0.0000000000E+00  0.0000000000E+00  0.0000000000E+00
           symrel      1  0  0   0  1  0   0  0  1      -1  0  0   0 -1  0   0  0 -1
                       0 -1  1   0 -1  0   1 -1  0       0  1 -1   0  1  0  -1  1  0
                      -1  0  0  -1  0  1  -1  1  0       1  0  0   1  0 -1   1 -1  0
                       0  1 -1   1  0 -1   0  0 -1       0 -1  1  -1  0  1   0  0  1
                      -1  0  0  -1  1  0  -1  0  1       1  0  0   1 -1  0   1  0 -1
                       0 -1  1   1 -1  0   0 -1  0       0  1 -1  -1  1  0   0  1  0
                       1  0  0   0  0  1   0  1  0      -1  0  0   0  0 -1   0 -1  0
                       0  1 -1   0  0 -1   1  0 -1       0 -1  1   0  0  1  -1  0  1
                      -1  0  1  -1  1  0  -1  0  0       1  0 -1   1 -1  0   1  0  0
                       0 -1  0   1 -1  0   0 -1  1       0  1  0  -1  1  0   0  1 -1
                       1  0 -1   0  0 -1   0  1 -1      -1  0  1   0  0  1   0 -1  1
                       0  1  0   0  0  1   1  0  0       0 -1  0   0  0 -1  -1  0  0
                       1  0 -1   0  1 -1   0  0 -1      -1  0  1   0 -1  1   0  0  1
                       0 -1  0   0 -1  1   1 -1  0       0  1  0   0  1 -1  -1  1  0
                      -1  0  1  -1  0  0  -1  1  0       1  0 -1   1  0  0   1 -1  0
                       0  1  0   1  0  0   0  0  1       0 -1  0  -1  0  0   0  0 -1
                       0  0 -1   0  1 -1   1  0 -1       0  0  1   0 -1  1  -1  0  1
                       1 -1  0   0 -1  1   0 -1  0      -1  1  0   0  1 -1   0  1  0
                       0  0  1   1  0  0   0  1  0       0  0 -1  -1  0  0   0 -1  0
                      -1  1  0  -1  0  0  -1  0  1       1 -1  0   1  0  0   1  0 -1
                       0  0  1   0  1  0   1  0  0       0  0 -1   0 -1  0  -1  0  0
                       1 -1  0   0 -1  0   0 -1  1      -1  1  0   0  1  0   0  1 -1
                       0  0 -1   1  0 -1   0  1 -1       0  0  1  -1  0  1   0 -1  1
                      -1  1  0  -1  0  1  -1  0  0       1 -1  0   1  0 -1   1  0  0
           tsmear      5.00000000E-02 Hartree
            typat      1
              wtk        0.01563    0.12500    0.06250    0.09375    0.37500    0.18750
                         0.04688    0.09375
            znucl       13.00000

================================================================================

- Total cpu        time (s,m,h):         88.0        1.47      0.024
- Total wall clock time (s,m,h):         88.0        1.47      0.024
-
- For major independent code sections, cpu and wall times (sec),
-  as well as % of the time and number of calls for node 0-
-<BEGIN_TIMER mpi_nprocs = 1, omp_nthreads = 1, mpi_rank = 0>
- cpu_time =           88.0, wall_time =           88.0
-
- routine                        cpu     %       wall     %      number of calls  Gflops 
-                                                                  (-1=no count)
- sigma/=fourdp                 87.724  99.7     87.697  99.7              1      -1.00    
- others (104)                   0.396   0.4      0.400   0.5             -1      -1.00    
-<END_TIMER>
-
- subtotal                      88.120 100.1     88.097 100.1

- For major independent code sections, cpu and wall times (sec),
- as well as % of the total time and number of calls 

-<BEGIN_TIMER mpi_nprocs = 1, omp_nthreads = 1, mpi_rank = world>
- cpu_time =          88.0, wall_time =          88.0
-
- routine                         cpu     %       wall     %      number of calls Gflops 
-                                                                  (-1=no count)
- sigma/=fourdp                 87.724  99.7     87.697  99.7              1      -1.00    
- others (104)                   0.396   0.4      0.400   0.5             -1      -1.00    
-<END_TIMER>

- subtotal                      88.120 100.1     88.097 100.1

================================================================================

 Suggested references for the acknowledgment of ABINIT usage.

 The users of ABINIT have little formal obligations with respect to the ABINIT group
 (those specified in the GNU General Public License, http://www.gnu.org/copyleft/gpl.txt).
 However, it is common practice in the scientific literature,
 to acknowledge the efforts of people that have made the research possible.
 In this spirit, please find below suggested citations of work written by ABINIT developers,
 corresponding to implementations inside of ABINIT that you have used in the present run.
 Note also that it will be of great value to readers of publications presenting these results,
 to read papers enabling them to understand the theoretical formalism and details
 of the ABINIT implementation.
 For information on why they are suggested, see also http://www.abinit.org/about/?text=acknowledgments.

 [1] Ab initio pseudopotentials for electronic structure calculations of poly-atomic systems, 
 using density-functional theory.
 M. Fuchs, M. Scheffler, Comput. Phys. Commun. 119, 67 (1999).
 Comment : Some pseudopotential generated using the FHI code were used.

 [2] ABINIT : First-principles approach of materials and nanosystem properties.
 X. Gonze, B. Amadon, P.-M. Anglade, J.-M. Beuken, F. Bottin, P. Boulanger, F. Bruneval,
 D. Caliste, R. Caracas, M. Cote, T. Deutsch, L. Genovese, Ph. Ghosez, M. Giantomassi
 S. Goedecker, D.R. Hamann, P. Hermet, F. Jollet, G. Jomard, S. Leroux, M. Mancini, S. Mazevet,
 M.J.T. Oliveira, G. Onida, Y. Pouillon, T. Rangel, G.-M. Rignanese, D. Sangalli, R. Shaltaf,
 M. Torrent, M.J. Verstraete, G. Zerah, J.W. Zwanziger
 Computer Phys. Comm. 180, 2582-2615 (2009).
 Comment : the third generic paper describing the ABINIT project.
 Note that a version of this paper, that is not formatted for Computer Phys. Comm. 
 is available at http://www.abinit.org/about/ABINIT_CPC_v10.pdf .
 The licence allows the authors to put it on the Web.

 [3] A brief introduction to the ABINIT software package.
 X. Gonze, G.-M. Rignanese, M. Verstraete, J.-M. Beuken, Y. Pouillon, R. Caracas, F. Jollet,
 M. Torrent, G. Zerah, M. Mikami, Ph. Ghosez, M. Veithen, J.-Y. Raty, V. Olevano, F. Bruneval,
 L. Reining, R. Godby, G. Onida, D.R. Hamann, and D.C. Allan.
 Z. Kristallogr. 220, 558-562 (2005).
 Comment : the second generic paper describing the ABINIT project. Note that this paper
 should be cited especially if you are using the GW part of ABINIT, as several authors
 of this part are not in the list of authors of the first or third paper.
 The .pdf of the latter paper is available at http://www.abinit.org/about/zfk_0505-06_558-562.pdf.
 Note that it should not redistributed (Copyright by Oldenburg Wissenshaftverlag,
 the licence allows the authors to put it on the Web).


 And optionally :

 [4] First-principles computation of material properties : the ABINIT software project. 
 X. Gonze, J.-M. Beuken, R. Caracas, F. Detraux, M. Fuchs, G.-M. Rignanese, L. Sindic,
 M. Verstraete, G. Zerah, F. Jollet, M. Torrent, A. Roy, M. Mikami, Ph. Ghosez, J.-Y. Raty, D.C. Allan.
 Computational Materials Science 25, 478-492 (2002). http://dx.doi.org/10.1016/S0927-0256(02)00325-7
 Comment : the original paper describing the ABINIT project.

 [5] Fast radix 2, 3, 4 and 5 kernels for Fast Fourier Transformations
 on computers with overlapping multiply-add instructions.
 S. Goedecker, SIAM J. on Scientific Computing 18, 1605 (1997).
-
- Proc.   0 individual time (sec): cpu=         88.0  wall=         88.0

================================================================================

 Calculation completed.
.Delivered   11 WARNINGs and   5 COMMENTs to log file.
+Overall time at end (sec) : cpu=         88.0  wall=         88.0
